
> @cookmate/mobile@0.1.0 export:native
> expo export --platform ios --max-workers 1 --output-dir dist/root-integration-20260928-02

Expo Autolinking module resolution enabled
Starting Metro Bundler

iOS Bundled 9816ms node_modules\expo-router\entry.js (1383 modules)

› Assets (125):
..\..\node_modules\expo-router\assets\arrow_down.png (9.5KB)
..\..\node_modules\expo-router\assets\error.png (469B)
..\..\node_modules\expo-router\assets\file.png (138B)
..\..\node_modules\expo-router\assets\forward.png (188B)
..\..\node_modules\expo-router\assets\pkg.png (364B)
..\..\node_modules\expo-router\assets\react-navigation\elements\back-icon-mask.png (653B)
..\..\node_modules\expo-router\assets\react-navigation\elements\back-icon.png (4 variations | 566B)
..\..\node_modules\expo-router\assets\react-navigation\elements\clear-icon.png (4 variations | 425B)
..\..\node_modules\expo-router\assets\react-navigation\elements\close-icon.png (4 variations | 235B)
..\..\node_modules\expo-router\assets\react-navigation\elements\search-icon.png (3 variations | 582B)
..\..\node_modules\expo-router\assets\sitemap.png (465B)
..\..\node_modules\expo-router\assets\unmatched.png (4.8KB)
..\..\packages\catalogue\assets\photos\52765.jpg (128KB)
..\..\packages\catalogue\assets\photos\52772.jpg (125KB)
..\..\packages\catalogue\assets\photos\52779.jpg (141KB)
..\..\packages\catalogue\assets\photos\52797.jpg (123KB)
..\..\packages\catalogue\assets\photos\52804.jpg (97KB)
..\..\packages\catalogue\assets\photos\52815.jpg (123KB)
..\..\packages\catalogue\assets\photos\52819.jpg (125KB)
..\..\packages\catalogue\assets\photos\52827.jpg (139KB)
..\..\packages\catalogue\assets\photos\52831.jpg (105KB)
..\..\packages\catalogue\assets\photos\52835.jpg (144KB)
..\..\packages\catalogue\assets\photos\52837.jpg (97KB)
..\..\packages\catalogue\assets\photos\52839.jpg (104KB)
..\..\packages\catalogue\assets\photos\52840.jpg (126KB)
..\..\packages\catalogue\assets\photos\52841.jpg (78KB)
..\..\packages\catalogue\assets\photos\52842.jpg (129KB)
..\..\packages\catalogue\assets\photos\52850.jpg (146KB)
..\..\packages\catalogue\assets\photos\52880.jpg (106KB)
..\..\packages\catalogue\assets\photos\52896.jpg (150KB)
..\..\packages\catalogue\assets\photos\52928.jpg (143KB)
..\..\packages\catalogue\assets\photos\52934.jpg (104KB)
..\..\packages\catalogue\assets\photos\52939.jpg (118KB)
..\..\packages\catalogue\assets\photos\52940.jpg (90KB)
..\..\packages\catalogue\assets\photos\52949.jpg (102KB)
..\..\packages\catalogue\assets\photos\52953.jpg (132KB)
..\..\packages\catalogue\assets\photos\52957.jpg (104KB)
..\..\packages\catalogue\assets\photos\52962.jpg (138KB)
..\..\packages\catalogue\assets\photos\52964.jpg (135KB)
..\..\packages\catalogue\assets\photos\52965.jpg (106KB)
..\..\packages\catalogue\assets\photos\52968.jpg (146KB)
..\..\packages\catalogue\assets\photos\52969.jpg (119KB)
..\..\packages\catalogue\assets\photos\52972.jpg (137KB)
..\..\packages\catalogue\assets\photos\52975.jpg (120KB)
..\..\packages\catalogue\assets\photos\52982.jpg (124KB)
..\..\packages\catalogue\assets\photos\52998.jpg (145KB)
..\..\packages\catalogue\assets\photos\53006.jpg (105KB)
..\..\packages\catalogue\assets\photos\53008.jpg (95KB)
..\..\packages\catalogue\assets\photos\53011.jpg (95KB)
..\..\packages\catalogue\assets\photos\53018.jpg (124KB)
..\..\packages\catalogue\assets\photos\53025.jpg (102KB)
..\..\packages\catalogue\assets\photos\53030.jpg (101KB)
..\..\packages\catalogue\assets\photos\53036.jpg (88KB)
..\..\packages\catalogue\assets\photos\53038.jpg (80KB)
..\..\packages\catalogue\assets\photos\53039.jpg (211KB)
..\..\packages\catalogue\assets\photos\53043.jpg (159KB)
..\..\packages\catalogue\assets\photos\53044.jpg (106KB)
..\..\packages\catalogue\assets\photos\53047.jpg (77KB)
..\..\packages\catalogue\assets\photos\53048.jpg (90KB)
..\..\packages\catalogue\assets\photos\53049.jpg (57KB)
..\..\packages\catalogue\assets\photos\53053.jpg (55KB)
..\..\packages\catalogue\assets\photos\53055.jpg (124KB)
..\..\packages\catalogue\assets\photos\53060.jpg (69KB)
..\..\packages\catalogue\assets\photos\53064.jpg (104KB)
..\..\packages\catalogue\assets\photos\53065.jpg (71KB)
..\..\packages\catalogue\assets\photos\53070.jpg (139KB)
..\..\packages\catalogue\assets\photos\53071.jpg (124KB)
..\..\packages\catalogue\assets\photos\53072.jpg (103KB)
..\..\packages\catalogue\assets\photos\53076.jpg (32KB)
..\..\packages\catalogue\assets\photos\53079.jpg (122KB)
..\..\packages\catalogue\assets\photos\53080.jpg (113KB)
..\..\packages\catalogue\assets\photos\53092.jpg (64KB)
..\..\packages\catalogue\assets\photos\53093.jpg (58KB)
..\..\packages\catalogue\assets\photos\53094.jpg (56KB)
..\..\packages\catalogue\assets\photos\53103.jpg (156KB)
..\..\packages\catalogue\assets\photos\53105.jpg (140KB)
..\..\packages\catalogue\assets\photos\53113.jpg (116KB)
..\..\packages\catalogue\assets\photos\53122.jpg (98KB)
..\..\packages\catalogue\assets\photos\53123.jpg (65KB)
..\..\packages\catalogue\assets\photos\53136.jpg (166KB)
..\..\packages\catalogue\assets\photos\53138.jpg (110KB)
..\..\packages\catalogue\assets\photos\53150.jpg (107KB)
..\..\packages\catalogue\assets\photos\53165.jpg (187KB)
..\..\packages\catalogue\assets\photos\53169.jpg (156KB)
..\..\packages\catalogue\assets\photos\53175.jpg (135KB)
..\..\packages\catalogue\assets\photos\53187.jpg (176KB)
..\..\packages\catalogue\assets\photos\53188.jpg (158KB)
..\..\packages\catalogue\assets\photos\53190.jpg (130KB)
..\..\packages\catalogue\assets\photos\53208.jpg (220KB)
..\..\packages\catalogue\assets\photos\53215.jpg (302KB)
..\..\packages\catalogue\assets\photos\53219.jpg (256KB)
..\..\packages\catalogue\assets\photos\53223.jpg (134KB)
..\..\packages\catalogue\assets\photos\53230.jpg (117KB)
..\..\packages\catalogue\assets\photos\53249.jpg (173KB)
..\..\packages\catalogue\assets\photos\53256.jpg (135KB)
..\..\packages\catalogue\assets\photos\53260.jpg (188KB)
..\..\packages\catalogue\assets\photos\53262.jpg (194KB)
..\..\packages\catalogue\assets\photos\53265.jpg (228KB)
..\..\packages\catalogue\assets\photos\53281.jpg (229KB)
..\..\packages\catalogue\assets\photos\53289.jpg (175KB)
..\..\packages\catalogue\assets\photos\53307.jpg (148KB)
..\..\packages\catalogue\assets\photos\53313.jpg (179KB)
..\..\packages\catalogue\assets\photos\53316.jpg (163KB)
..\..\packages\catalogue\assets\photos\53318.jpg (204KB)
..\..\packages\catalogue\assets\photos\53320.jpg (139KB)
..\..\packages\catalogue\assets\photos\53330.jpg (155KB)
..\..\packages\catalogue\assets\photos\53333.jpg (138KB)
..\..\packages\catalogue\assets\photos\53334.jpg (146KB)
..\..\packages\catalogue\assets\photos\53361.jpg (176KB)
..\..\packages\catalogue\assets\photos\53380.jpg (254KB)
..\..\packages\catalogue\assets\photos\53385.jpg (152KB)
..\..\packages\catalogue\assets\photos\53389.jpg (98KB)
assets\brand\Newsreader16pt-Italic.ttf (131KB)
assets\brand\Newsreader16pt-Regular.ttf (122KB)

› ios bundles (1):
_expo/static/js/ios/entry-d35707a027ed3033ccf39aef9348d01a.hbc (3.7MB)

› Files (1):
metadata.json (8.1KB)

Exported: dist/root-integration-20260928-02
