
> cookmate-workspace@0.1.0 mobile:bundle
> npm run export:native --workspace @cookmate/mobile


> @cookmate/mobile@0.1.0 export:native
> expo export --platform ios --max-workers 1

Expo Autolinking module resolution enabled
Starting Metro Bundler

iOS Bundled 13758ms node_modules\expo-router\entry.js (1150 modules)

› Assets (23):
..\..\node_modules\expo-router\assets\arrow_down.png (9.5KB)
..\..\node_modules\expo-router\assets\error.png (469B)
..\..\node_modules\expo-router\assets\file.png (138B)
..\..\node_modules\expo-router\assets\forward.png (188B)
..\..\node_modules\expo-router\assets\pkg.png (364B)
..\..\node_modules\expo-router\assets\react-navigation\elements\back-icon-mask.png (653B)
..\..\node_modules\expo-router\assets\react-navigation\elements\back-icon.png (4 variations | 566B)
..\..\node_modules\expo-router\assets\react-navigation\elements\clear-icon.png (4 variations | 425B)
..\..\node_modules\expo-router\assets\react-navigation\elements\close-icon.png (4 variations | 235B)
..\..\node_modules\expo-router\assets\react-navigation\elements\search-icon.png (3 variations | 582B)
..\..\node_modules\expo-router\assets\sitemap.png (465B)
..\..\node_modules\expo-router\assets\unmatched.png (4.8KB)

› ios bundles (1):
_expo/static/js/ios/entry-564e0fc51d19385cb60ee2487e98c842.hbc (2.6MB)

› Files (1):
metadata.json (1.6KB)

Exported: dist
